[2026-09-24 12:01:49] ##### SHORT SMOKE #####
[2026-09-24 12:01:49] ==== r4754a | Р 4754А по разработке ВС ГА и систем.pdf | pages=30,100,150 ====
[2026-09-24 12:02:08]   done in 19.6 sec
[2026-09-24 12:02:08] ==== guide_4761 | Руководство 4761 по методам оценки безопасности БО.pdf | pages=50,120,200 ====
[2026-09-24 12:02:36]   done in 27.8 sec
[2026-09-24 12:02:36] ==== rdk_89 | РДК_молниезащита 89г.pdf | pages=100,250,400 ====
[2026-09-24 12:02:50]   done in 13.6 sec
[2026-09-24 12:02:50] ==== icao_annex6 | ИКАО Приложени 6. Эксплуатация воздушных судов.pdf | pages=100,200,300 ====
[2026-09-24 12:03:29]   done in 39 sec
[2026-09-24 12:03:29] ==== doc_9760 | Руководство по летной годности Doc 9760 AN967.pdf | pages=100,200,300 ====
[2026-09-24 12:03:51]   done in 22.7 sec
[2026-09-24 12:03:51] ==== nlg33 | НЛГ 33 Двигатели.pdf | pages=20,40,60 ====
[2026-09-24 12:04:00]   done in 8.8 sec
[2026-09-24 12:04:00] ==== nlg27 | НЛГ-27.pdf | pages=40,60,90 ====
[2026-09-24 12:04:33]   done in 32.6 sec
[2026-09-24 12:04:33] ==== mr21002 | МР-21.002 Процедура квалификации комплектующих изделий.pdf | pages=10,30,50 ====
[2026-09-24 12:05:02]   done in 29.6 sec
[2026-09-24 12:05:02] ==== kt160g_b2 | КТ-160G-14G (Книга II)_compressed (1).pdf | pages=30,60,90 ====
[2026-09-24 12:06:06]   done in 63.8 sec
[2026-09-24 12:06:06] ==== rm178b_ref | РМ-178B оценка соответствия ПО бортовой аппаратуры.pdf | pages=1,10,20 ====
[2026-09-24 12:06:15]   done in 8.8 sec
[2026-09-24 12:06:15] ##### DONE #####
