warning: The `fitz` API is deprecated and will be removed in future. Use `import pymupdf` instead.
[UNIMERNET] py = C:\Users\l.ilyintseva\Desktop\RAG-system\.venv-unimernet\Scripts\python.exe
[UNIMERNET] cfg = .\data\models\unimernet\unimernet_tiny.yaml
[UNIMERNET] proc started, waiting for ready
[UNIMERNET] stdout line = 'CustomVisionEncoderDecoderModel init\n'
[UNIMERNET] stdout line = 'VariableUnimerNetModel init\n'
[UNIMERNET] stdout line = 'VariableUnimerNetPatchEmbeddings init\n'
[UNIMERNET] stdout line = 'VariableUnimerNetModel init\n'
[UNIMERNET] stdout line = 'VariableUnimerNetPatchEmbeddings init\n'
[UNIMERNET] stdout line = 'CustomMBartForCausalLM init\n'
[UNIMERNET] stdout line = 'CustomMBartDecoder init\n'
[UNIMERNET] stdout line = '{"ready": true}\n'
2026-09-24T09:03:38.726623Z [info     ] regions_page                   doc_id='Руководство по летной годности Doc 9760 AN967' page=100
[INFO] 2026-09-24 12:03:39,016 [RapidOCR] base.py:23: Using engine_name: onnxruntime
[INFO] 2026-09-24 12:03:39,098 [RapidOCR] main.py:63: Using C:\Users\l.ilyintseva\Desktop\RAG-system\data\models\ocr\ch_PP-OCRv5_det_mobile.onnx
[INFO] 2026-09-24 12:03:39,170 [RapidOCR] base.py:23: Using engine_name: onnxruntime
[INFO] 2026-09-24 12:03:39,171 [RapidOCR] main.py:63: Using C:\Users\l.ilyintseva\Desktop\RAG-system\data\models\ocr\ch_ppocr_mobile_v2.0_cls_mobile.onnx
[INFO] 2026-09-24 12:03:39,242 [RapidOCR] base.py:23: Using engine_name: onnxruntime
[INFO] 2026-09-24 12:03:39,242 [RapidOCR] main.py:63: Using C:\Users\l.ilyintseva\Desktop\RAG-system\data\models\ocr\cyrillic_PP-OCRv5_rec_mobile.onnx
[INFO] 2026-09-24 12:03:42,833 [RapidOCR] base.py:23: Using engine_name: onnxruntime
[INFO] 2026-09-24 12:03:42,833 [RapidOCR] main.py:63: Using C:\Users\l.ilyintseva\Desktop\RAG-system\data\models\ocr\ch_PP-OCRv5_det_mobile.onnx
[INFO] 2026-09-24 12:03:42,919 [RapidOCR] base.py:23: Using engine_name: onnxruntime
[INFO] 2026-09-24 12:03:42,920 [RapidOCR] main.py:63: Using C:\Users\l.ilyintseva\Desktop\RAG-system\data\models\ocr\ch_ppocr_mobile_v2.0_cls_mobile.onnx
[INFO] 2026-09-24 12:03:43,013 [RapidOCR] base.py:23: Using engine_name: onnxruntime
[INFO] 2026-09-24 12:03:43,013 [RapidOCR] main.py:63: Using C:\Users\l.ilyintseva\Desktop\RAG-system\data\models\ocr\latin_PP-OCRv5_rec_mobile.onnx
[INFO] 2026-09-24 12:03:46,818 [RapidOCR] base.py:23: Using engine_name: onnxruntime
[INFO] 2026-09-24 12:03:46,819 [RapidOCR] main.py:63: Using C:\Users\l.ilyintseva\Desktop\RAG-system\data\models\ocr\ch_PP-OCRv5_det_mobile.onnx
[INFO] 2026-09-24 12:03:46,917 [RapidOCR] base.py:23: Using engine_name: onnxruntime
[INFO] 2026-09-24 12:03:46,917 [RapidOCR] main.py:63: Using C:\Users\l.ilyintseva\Desktop\RAG-system\data\models\ocr\ch_ppocr_mobile_v2.0_cls_mobile.onnx
[INFO] 2026-09-24 12:03:46,989 [RapidOCR] base.py:23: Using engine_name: onnxruntime
[INFO] 2026-09-24 12:03:46,989 [RapidOCR] main.py:63: Using C:\Users\l.ilyintseva\Desktop\RAG-system\data\models\ocr\el_PP-OCRv5_rec_mobile.onnx
2026-09-24T09:03:51.533905Z [info     ] regions_page                   doc_id='Руководство по летной годности Doc 9760 AN967' page=200
2026-09-24T09:03:51.602968Z [info     ] regions_page                   doc_id='Руководство по летной годности Doc 9760 AN967' page=300
2026-09-24T09:03:51.671502Z [info     ] regions_done                   out='data\\ir\\wide_smoke_20260924_120148\\doc_9760\\Руководство по летной годности Doc 9760 AN967_regions.json'

=== Руководство по летной годности Doc 9760 AN967 === -> data\ir\wide_smoke_20260924_120148\doc_9760\Руководство по летной годности Doc 9760 AN967_regions.json
  p100 det=0 formula=0(ok=0, sem=0, caption=0) table=0(ok=0) figure=0
  p200 det=0 formula=0(ok=0, sem=0, caption=0) table=0(ok=0) figure=0
  p300 det=0 formula=0(ok=0, sem=0, caption=0) table=0(ok=0) figure=0
