warning: The `fitz` API is deprecated and will be removed in future. Use `import pymupdf` instead.
[UNIMERNET] py = C:\Users\l.ilyintseva\Desktop\RAG-system\.venv-unimernet\Scripts\python.exe
[UNIMERNET] cfg = .\data\models\unimernet\unimernet_tiny.yaml
[UNIMERNET] proc started, waiting for ready
[UNIMERNET] stdout line = 'CustomVisionEncoderDecoderModel init\n'
[UNIMERNET] stdout line = 'VariableUnimerNetModel init\n'
[UNIMERNET] stdout line = 'VariableUnimerNetPatchEmbeddings init\n'
[UNIMERNET] stdout line = 'VariableUnimerNetModel init\n'
[UNIMERNET] stdout line = 'VariableUnimerNetPatchEmbeddings init\n'
[UNIMERNET] stdout line = 'CustomMBartForCausalLM init\n'
[UNIMERNET] stdout line = 'CustomMBartDecoder init\n'
[UNIMERNET] stdout line = '{"ready": true}\n'
2026-09-24T09:05:12.277921Z [info     ] regions_page                   doc_id='КТ-160G-14G (Книга II)_compressed (1)' page=30
[INFO] 2026-09-24 12:05:12,581 [RapidOCR] base.py:23: Using engine_name: onnxruntime
[INFO] 2026-09-24 12:05:12,663 [RapidOCR] main.py:63: Using C:\Users\l.ilyintseva\Desktop\RAG-system\data\models\ocr\ch_PP-OCRv5_det_mobile.onnx
[INFO] 2026-09-24 12:05:12,724 [RapidOCR] base.py:23: Using engine_name: onnxruntime
[INFO] 2026-09-24 12:05:12,724 [RapidOCR] main.py:63: Using C:\Users\l.ilyintseva\Desktop\RAG-system\data\models\ocr\ch_ppocr_mobile_v2.0_cls_mobile.onnx
[INFO] 2026-09-24 12:05:12,820 [RapidOCR] base.py:23: Using engine_name: onnxruntime
[INFO] 2026-09-24 12:05:12,821 [RapidOCR] main.py:63: Using C:\Users\l.ilyintseva\Desktop\RAG-system\data\models\ocr\cyrillic_PP-OCRv5_rec_mobile.onnx
[INFO] 2026-09-24 12:05:22,631 [RapidOCR] base.py:23: Using engine_name: onnxruntime
[INFO] 2026-09-24 12:05:22,631 [RapidOCR] main.py:63: Using C:\Users\l.ilyintseva\Desktop\RAG-system\data\models\ocr\ch_PP-OCRv5_det_mobile.onnx
[INFO] 2026-09-24 12:05:22,719 [RapidOCR] base.py:23: Using engine_name: onnxruntime
[INFO] 2026-09-24 12:05:22,720 [RapidOCR] main.py:63: Using C:\Users\l.ilyintseva\Desktop\RAG-system\data\models\ocr\ch_ppocr_mobile_v2.0_cls_mobile.onnx
[INFO] 2026-09-24 12:05:22,794 [RapidOCR] base.py:23: Using engine_name: onnxruntime
[INFO] 2026-09-24 12:05:22,794 [RapidOCR] main.py:63: Using C:\Users\l.ilyintseva\Desktop\RAG-system\data\models\ocr\latin_PP-OCRv5_rec_mobile.onnx
[INFO] 2026-09-24 12:05:32,178 [RapidOCR] base.py:23: Using engine_name: onnxruntime
[INFO] 2026-09-24 12:05:32,178 [RapidOCR] main.py:63: Using C:\Users\l.ilyintseva\Desktop\RAG-system\data\models\ocr\ch_PP-OCRv5_det_mobile.onnx
[INFO] 2026-09-24 12:05:32,262 [RapidOCR] base.py:23: Using engine_name: onnxruntime
[INFO] 2026-09-24 12:05:32,262 [RapidOCR] main.py:63: Using C:\Users\l.ilyintseva\Desktop\RAG-system\data\models\ocr\ch_ppocr_mobile_v2.0_cls_mobile.onnx
[INFO] 2026-09-24 12:05:32,329 [RapidOCR] base.py:23: Using engine_name: onnxruntime
[INFO] 2026-09-24 12:05:32,329 [RapidOCR] main.py:63: Using C:\Users\l.ilyintseva\Desktop\RAG-system\data\models\ocr\el_PP-OCRv5_rec_mobile.onnx
2026-09-24T09:05:42.205843Z [info     ] regions_page                   doc_id='КТ-160G-14G (Книга II)_compressed (1)' page=60
2026-09-24T09:05:54.630750Z [info     ] regions_page                   doc_id='КТ-160G-14G (Книга II)_compressed (1)' page=90
2026-09-24T09:06:06.563064Z [info     ] regions_done                   out='data\\ir\\wide_smoke_20260924_120148\\kt160g_b2\\КТ-160G-14G (Книга II)_compressed (1)_regions.json'

=== КТ-160G-14G (Книга II)_compressed (1) === -> data\ir\wide_smoke_20260924_120148\kt160g_b2\КТ-160G-14G (Книга II)_compressed (1)_regions.json
  p030 det=0 formula=0(ok=0, sem=0, caption=0) table=0(ok=0) figure=0
  p060 det=0 formula=0(ok=0, sem=0, caption=0) table=0(ok=0) figure=0
  p090 det=0 formula=0(ok=0, sem=0, caption=0) table=0(ok=0) figure=0
