warning: The `fitz` API is deprecated and will be removed in future. Use `import pymupdf` instead.
[UNIMERNET] py = C:\Users\l.ilyintseva\Desktop\RAG-system\.venv-unimernet\Scripts\python.exe
[UNIMERNET] cfg = .\data\models\unimernet\unimernet_tiny.yaml
[UNIMERNET] proc started, waiting for ready
[UNIMERNET] stdout line = 'CustomVisionEncoderDecoderModel init\n'
[UNIMERNET] stdout line = 'VariableUnimerNetModel init\n'
[UNIMERNET] stdout line = 'VariableUnimerNetPatchEmbeddings init\n'
[UNIMERNET] stdout line = 'VariableUnimerNetModel init\n'
[UNIMERNET] stdout line = 'VariableUnimerNetPatchEmbeddings init\n'
[UNIMERNET] stdout line = 'CustomMBartForCausalLM init\n'
[UNIMERNET] stdout line = 'CustomMBartDecoder init\n'
[UNIMERNET] stdout line = '{"ready": true}\n'
2026-09-24T09:04:00.356950Z [info     ] regions_page                   doc_id='НЛГ 33 Двигатели' page=20
2026-09-24T09:04:00.468639Z [info     ] regions_page                   doc_id='НЛГ 33 Двигатели' page=40
2026-09-24T09:04:00.547716Z [info     ] regions_page                   doc_id='НЛГ 33 Двигатели' page=60
2026-09-24T09:04:00.622849Z [info     ] regions_done                   out='data\\ir\\wide_smoke_20260924_120148\\nlg33\\НЛГ 33 Двигатели_regions.json'

=== НЛГ 33 Двигатели === -> data\ir\wide_smoke_20260924_120148\nlg33\НЛГ 33 Двигатели_regions.json
  p020 det=0 formula=0(ok=0, sem=0, caption=0) table=0(ok=0) figure=0
  p040 det=0 formula=0(ok=0, sem=0, caption=0) table=0(ok=0) figure=0
  p060 det=0 formula=0(ok=0, sem=0, caption=0) table=0(ok=0) figure=0
