warning: The `fitz` API is deprecated and will be removed in future. Use `import pymupdf` instead.
[UNIMERNET] py = C:\Users\l.ilyintseva\Desktop\RAG-system\.venv-unimernet\Scripts\python.exe
[UNIMERNET] cfg = .\data\models\unimernet\unimernet_tiny.yaml
[UNIMERNET] proc started, waiting for ready
[UNIMERNET] stdout line = 'CustomVisionEncoderDecoderModel init\n'
[UNIMERNET] stdout line = 'VariableUnimerNetModel init\n'
[UNIMERNET] stdout line = 'VariableUnimerNetPatchEmbeddings init\n'
[UNIMERNET] stdout line = 'VariableUnimerNetModel init\n'
[UNIMERNET] stdout line = 'VariableUnimerNetPatchEmbeddings init\n'
[UNIMERNET] stdout line = 'CustomMBartForCausalLM init\n'
[UNIMERNET] stdout line = 'CustomMBartDecoder init\n'
[UNIMERNET] stdout line = '{"ready": true}\n'
2026-09-24T09:02:44.951570Z [info     ] regions_page                   doc_id='РДК_молниезащита 89г' page=100
2026-09-24T09:02:46.547862Z [info     ] regions_page                   doc_id='РДК_молниезащита 89г' page=250
2026-09-24T09:02:49.899434Z [info     ] regions_done                   out='data\\ir\\wide_smoke_20260924_120148\\rdk_89\\РДК_молниезащита 89г_regions.json'

=== РДК_молниезащита 89г === -> data\ir\wide_smoke_20260924_120148\rdk_89\РДК_молниезащита 89г_regions.json
  p100 det=3 formula=2(ok=2, sem=0, caption=0) table=0(ok=0) figure=1
       [figure] figure_00 'data\\cache\\figures\\РДК_молниезащита 89г\\p0100_figure_00.png'
       [formula] formula_01 '\\cdots - \\frac { 1 } { 1 }'
       [formula] formula_02 '\\lim \\limits _ { x \\rightarrow \\infty } \\frac { x } { 1 } = 1'
  p250 det=3 formula=3(ok=2, sem=1, caption=0) table=0(ok=0) figure=0
       [formula] formula_00 '\\frac { 0 . 4 8 } { 7 } + \\frac { ( 6 ) } { 7 }'
       [formula] formula_01 '\\frac { 1 } { 1 } ='
       [formula] formula_02 '\\begin{array} { c } { { \\tau = \\infty } } \\\\ { { \\tau = 0 } } \\end{array}'
  p400 det=0 formula=0(ok=0, sem=0, caption=0) table=0(ok=0) figure=0
